2025-09-04 00:38:23,101 - __main__ - WARNING - BioXen initialized without Factory API support
2025-09-04 01:35:39,432 - __main__ - WARNING - BioXen initialized without Factory API support
2025-09-04 01:37:54,941 - __main__ - WARNING - BioXen initialized without Factory API support
2025-09-04 01:38:17,044 - __main__ - ERROR - Init error: name 'BioXenHypervisor' is not defined
2025-09-04 01:41:56,533 - __main__ - WARNING - BioXen initialized without Factory API support
2025-09-04 10:53:42,963 - __main__ - WARNING - BioXen initialized without Factory API support
2025-09-05 09:13:06,458 - __main__ - WARNING - BioXen initialized without Factory API support
2025-09-05 09:22:41,759 - __main__ - WARNING - BioXen initialized without Factory API support
2025-09-05 21:29:04,722 - __main__ - WARNING - BioXen initialized without Factory API support
2025-09-05 21:32:18,004 - __main__ - WARNING - BioXen initialized without Factory API support
2025-09-05 21:36:59,034 - __main__ - WARNING - BioXen initialized without Factory API support
2025-09-05 21:40:56,283 - __main__ - WARNING - BioXen initialized without Factory API support
2025-09-05 21:41:18,835 - __main__ - WARNING - BioXen initialized without Factory API support
2025-09-06 09:26:52,640 - __main__ - WARNING - BioXen initialized without Factory API support
2025-09-06 09:34:05,689 - __main__ - WARNING - BioXen initialized without Factory API support
2025-09-06 09:34:55,541 - __main__ - WARNING - BioXen initialized without Factory API support
2025-09-06 09:34:57,635 - __main__ - ERROR - Menu error: 
2025-09-06 17:41:49,408 - __main__ - WARNING - BioXen initialized without Factory API support
2025-09-06 17:41:52,633 - __main__ - ERROR - Menu error: 'InteractiveBioXenFactoryAPI' object has no attribute 'demo_chassis_selection'
2025-09-06 17:42:16,662 - __main__ - WARNING - BioXen initialized without Factory API support
2025-09-06 17:42:36,535 - __main__ - WARNING - BioXen initialized without Factory API support
2025-09-06 17:43:56,115 - __main__ - WARNING - BioXen initialized without Factory API support
2025-09-06 17:44:05,090 - __main__ - ERROR - Menu error: 'InteractiveBioXenFactoryAPI' object has no attribute 'demo_chassis_selection'
2025-09-06 17:46:33,349 - __main__ - WARNING - BioXen initialized without Factory API support
2025-09-06 18:16:45,482 - __main__ - WARNING - BioXen initialized without Factory API support
2025-09-06 19:17:34,633 - __main__ - WARNING - BioXen initialized without Factory API support
2025-09-06 19:19:00,165 - __main__ - WARNING - BioXen initialized without Factory API support
2025-09-06 19:51:26,944 - __main__ - INFO - BioXen Factory API v0.0.5 initialized - Bio types: ['syn3a', 'ecoli', 'minimal_cell'], VM types: ['basic', 'xcpng']
2025-09-07 06:55:04,303 - __main__ - INFO - BioXen Factory API v0.0.5 initialized - Bio types: ['syn3a', 'ecoli', 'minimal_cell'], VM types: ['basic', 'xcpng']
2025-09-07 06:55:26,194 - __main__ - ERROR - VM creation error: Unsupported biological type: orthogonal. Supported: ['syn3a', 'ecoli', 'minimal_cell']
2025-09-07 07:01:56,495 - __main__ - WARNING - BioXen initialized without Factory API support
2025-09-07 07:02:39,190 - __main__ - WARNING - BioXen initialized without Factory API support
2025-09-07 07:07:39,973 - __main__ - INFO - BioXen Factory API v0.0.7 initialized - Bio types: ['syn3a', 'ecoli', 'minimal_cell'], VM types: ['basic', 'xcpng']
2025-09-07 07:08:07,455 - bioxen_jcvi_vm_lib.chassis.ecoli - INFO - E. coli chassis ecoli_primary initialized successfully
2025-09-07 07:08:07,457 - bioxen_jcvi_vm_lib.hypervisor.core - INFO - BioXen Hypervisor initialized with ecoli chassis
2025-09-07 07:08:07,463 - bioxen_jcvi_vm_lib.chassis.ecoli - INFO - Resources allocated to VM vm_syn3a_5286: 17 ribosomes, 25.0% ATP, 120KB memory
2025-09-07 07:08:07,464 - bioxen_jcvi_vm_lib.chassis.ecoli - INFO - Isolation environment created for VM vm_syn3a_5286
2025-09-07 07:08:07,464 - bioxen_jcvi_vm_lib.hypervisor.core - INFO - VM vm_syn3a_5286 created successfully with syn3a on ecoli chassis
2025-09-07 07:08:09,890 - bioxen_jcvi_vm_lib.hypervisor.core - INFO - Booting VM vm_syn3a_5286...
2025-09-07 07:08:09,890 - bioxen_jcvi_vm_lib.hypervisor.core - INFO - Started VM vm_syn3a_5286
2025-09-07 07:08:14,895 - bioxen_jcvi_vm_lib.hypervisor.core - INFO - Resources allocated to VM vm_syn3a_5286: {'atp': 50.0, 'ribosomes': 10}
2025-09-07 07:14:44,065 - __main__ - INFO - BioXen Factory API v0.0.7 initialized - Bio types: ['syn3a', 'ecoli', 'minimal_cell', 'orthogonal'], VM types: ['basic', 'xcpng']
2025-09-07 07:14:46,213 - __main__ - ERROR - Menu error: 
2025-09-07 07:14:56,639 - __main__ - INFO - BioXen Factory API v0.0.7 initialized - Bio types: ['syn3a', 'ecoli', 'minimal_cell', 'orthogonal'], VM types: ['basic', 'xcpng']
2025-09-07 07:16:36,202 - __main__ - INFO - BioXen Factory API v0.0.7 initialized - Bio types: ['syn3a', 'ecoli', 'minimal_cell', 'orthogonal'], VM types: ['basic', 'xcpng']
2025-09-07 07:16:57,197 - bioxen_jcvi_vm_lib.chassis.ecoli - INFO - E. coli chassis ecoli_primary initialized successfully
2025-09-07 07:16:57,197 - bioxen_jcvi_vm_lib.hypervisor.core - INFO - BioXen Hypervisor initialized with ecoli chassis
2025-09-07 07:16:57,209 - bioxen_jcvi_vm_lib.chassis.ecoli - INFO - Resources allocated to VM vm_syn3a_5816: 17 ribosomes, 25.0% ATP, 120KB memory
2025-09-07 07:16:57,210 - bioxen_jcvi_vm_lib.chassis.ecoli - INFO - Isolation environment created for VM vm_syn3a_5816
2025-09-07 07:16:57,210 - bioxen_jcvi_vm_lib.hypervisor.core - INFO - VM vm_syn3a_5816 created successfully with syn3a on ecoli chassis
2025-09-07 07:16:59,251 - bioxen_jcvi_vm_lib.hypervisor.core - INFO - Booting VM vm_syn3a_5816...
2025-09-07 07:16:59,252 - bioxen_jcvi_vm_lib.hypervisor.core - INFO - Started VM vm_syn3a_5816
2025-09-07 07:17:00,960 - bioxen_jcvi_vm_lib.hypervisor.core - INFO - Resources allocated to VM vm_syn3a_5816: {'atp': 50.0, 'ribosomes': 10}
